node.exe : 
[31mx[39m Build 
failed in 780ms
At line:1 char:1
+ & "C:\Program Files\
nodejs/node.exe" 
"C:\Program 
Files\nodejs/node_mo 
...
+ ~~~~~~~~~~~~~~~~~~~~
~~~~~~~~~~~~~~~~~~~~~~
~~~~~~~~~~~~~~~~~~~~~~
~~~~~
    + CategoryInfo    
          : NotSpeci  
  fied: ([31mx[39   
 m Build failed in    
 780ms:String) []    
, RemoteException
    + FullyQualifiedE 
   rrorId : NativeCo  
  mmandError
 
[31merror during 
build:
[31m[vite:esbuild] 
Transform failed with 
1 error:
D:/homex/client/src/pa
ges/Landing.jsx:219:9:
 ERROR: The symbol 
"AnimatePresence" has 
already been 
declared[31m
file: [36mD:/homex/cl
ient/src/pages/Landing
.jsx:219:9[31m
[33m
[33mThe symbol 
"AnimatePresence" has 
already been 
declared[33m
217|  
218|  // Simple 
wrapper since 
AnimatePresence needs 
to be imported
219|  import { 
AnimatePresence } 
from 'framer-motion';
   |           ^
220|  function Animate
PresenceWrapper({ 
children }) {
221|    return 
<AnimatePresence mode=
"wait">{children}</Ani
matePresence>;
[31m
    at 
failureErrorWithLog (D
:\homex\client\node_mo
dules\esbuild\lib\main
.js:1472:15)
    at D:\homex\client
\node_modules\esbuild\
lib\main.js:755:50
    at responseCallbac
ks.<computed> (D:\home
x\client\node_modules\
esbuild\lib\main.js:62
2:9)
    at 
handleIncomingPacket (
D:\homex\client\node_m
odules\esbuild\lib\mai
n.js:677:12)
    at 
Socket.readFromStdout 
(D:\homex\client\node_
modules\esbuild\lib\ma
in.js:600:7)
    at Socket.emit 
(node:events:519:28)
    at addChunk (node:
internal/streams/reada
ble:561:12)
    at readableAddChun
kPushByteMode (node:in
ternal/streams/readabl
e:512:3)
    at Readable.push (
node:internal/streams/
readable:392:5)
    at 
Pipe.onStreamRead (nod
e:internal/stream_base
_commons:189:23)[39m
